// Jest Snapshot v1, https://goo.gl/fbAQLP

exports[`PipeParams Test 1`] = `1`;
